{
  "$schema": "http://json-schema.org/draft-07/schema#",
  "title": "MyStruct",
  "type": "object",
  "required": [
    "duration",
    "time"
  ],
  "properties": {
    "duration": {
      "$ref": "#/definitions/Duration"
    },
    "time": {
      "$ref": "#/definitions/SystemTime"
    }
  },
  "definitions": {
    "Duration": {
      "type": "object",
      "properties": {
        "nanos": {
          "type": "integer",
          "format": "uint32"
        },
        "secs": {
          "type": "integer",
          "format": "uint64"
        }
      }
    },
    "SystemTime": {
      "type": "object",
      "properties": {
        "nanos_since_epoch": {
          "type": "integer",
          "format": "uint32"
        },
        "secs_since_epoch": {
          "type": "integer",
          "format": "uint64"
        }
      }
    }
  }
}