{
  "$schema": "http://json-schema.org/draft-07/schema#",
  "title": "External",
  "anyOf": [
    {
      "enum": [
        "unitOne",
        "unitTwo"
      ]
    },
    {
      "type": "object",
      "properties": {
        "stringMap": {
          "type": "object",
          "additionalProperties": {
            "type": "string"
          }
        }
      },
      "required": [
        "stringMap"
      ]
    },
    {
      "type": "object",
      "properties": {
        "struct": {
          "type": "object",
          "properties": {
            "bar": {
              "type": "boolean"
            },
            "foo": {
              "type": "integer"
            }
          },
          "required": [
            "bar",
            "foo"
          ]
        }
      },
      "required": [
        "struct"
      ]
    }
  ]
}