{
  "$schema": "http://json-schema.org/draft-07/schema#",
  "title": "RecursiveOuter",
  "type": "object",
  "properties": {
    "direct": {
      "anyOf": [
        {
          "$ref": "#/definitions/RecursiveOuter"
        },
        {
          "type": "null"
        }
      ]
    },
    "indirect": {
      "type": [
        "object",
        "null"
      ],
      "required": [
        "recursive"
      ],
      "properties": {
        "recursive": {
          "type": "object",
          "properties": {
            "direct": {
              "anyOf": [
                {
                  "$ref": "#/definitions/RecursiveOuter"
                },
                {
                  "type": "null"
                }
              ]
            },
            "indirect": {
              "anyOf": [
                {
                  "$ref": "#/definitions/RecursiveInner"
                },
                {
                  "type": "null"
                }
              ]
            }
          }
        }
      }
    }
  },
  "definitions": {
    "RecursiveOuter": {
      "type": "object",
      "properties": {
        "direct": {
          "anyOf": [
            {
              "$ref": "#/definitions/RecursiveOuter"
            },
            {
              "type": "null"
            }
          ]
        },
        "indirect": {
          "type": [
            "object",
            "null"
          ],
          "required": [
            "recursive"
          ],
          "properties": {
            "recursive": {
              "$ref": "#/definitions/RecursiveOuter"
            }
          }
        }
      }
    },
    "RecursiveInner": {
      "type": "object",
      "required": [
        "recursive"
      ],
      "properties": {
        "recursive": {
          "$ref": "#/definitions/RecursiveOuter"
        }
      }
    }
  }
}