{
  "$schema": "http://json-schema.org/draft-07/schema#",
  "title": "MyStruct",
  "type": "object",
  "required": [
    "inclusive",
    "range"
  ],
  "properties": {
    "inclusive": {
      "$ref": "#/definitions/Range_of_double"
    },
    "range": {
      "$ref": "#/definitions/Range_of_uint"
    }
  },
  "definitions": {
    "Range_of_double": {
      "type": "object",
      "required": [
        "end",
        "start"
      ],
      "properties": {
        "end": {
          "type": "number",
          "format": "double"
        },
        "start": {
          "type": "number",
          "format": "double"
        }
      }
    },
    "Range_of_uint": {
      "type": "object",
      "required": [
        "end",
        "start"
      ],
      "properties": {
        "end": {
          "type": "integer",
          "format": "uint",
          "minimum": 0.0
        },
        "start": {
          "type": "integer",
          "format": "uint",
          "minimum": 0.0
        }
      }
    }
  }
}