{
  "$schema": "http://json-schema.org/draft-07/schema#",
  "title": "MyStruct_For_Integer_And_Null_And_Boolean_And_Array_Of_String",
  "type": "object",
  "properties": {
    "inner": {
      "$ref": "#/definitions/MySimpleStruct"
    },
    "t": {
      "type": "integer"
    },
    "u": {
      "type": "null"
    },
    "v": {
      "type": "boolean"
    },
    "w": {
      "type": "array",
      "items": {
        "type": "string"
      }
    }
  },
  "required": [
    "inner",
    "t",
    "u",
    "v",
    "w"
  ],
  "definitions": {
    "MySimpleStruct": {
      "type": "object"
    }
  }
}