{
  "$schema": "http://json-schema.org/draft-07/schema#",
  "title": "MyStruct",
  "type": "object",
  "required": [
    "included1",
    "included2"
  ],
  "properties": {
    "included1": {
      "type": "number",
      "format": "float"
    },
    "included2": {
      "type": "null"
    }
  }
}