{
  "$schema": "http://json-schema.org/draft-07/schema#",
  "title": "Struct",
  "type": "object",
  "properties": {
    "bar": {
      "type": "boolean"
    },
    "foo": {
      "type": "integer"
    }
  },
  "required": [
    "bar",
    "foo"
  ]
}