{
  "$schema": "http://json-schema.org/draft-07/schema#",
  "title": "Tuple",
  "type": "array",
  "items": [
    {
      "type": "integer",
      "format": "int32"
    },
    {
      "type": "boolean"
    }
  ],
  "maxItems": 2,
  "minItems": 2
}