{
  "$schema": "http://json-schema.org/draft-07/schema#",
  "title": "Struct",
  "type": "object",
  "required": [
    "contains_str1",
    "contains_str2",
    "email_address",
    "homepage",
    "map_contains",
    "min_max",
    "non_empty_str",
    "pair",
    "regex_str1",
    "regex_str2",
    "required_option",
    "tel"
  ],
  "properties": {
    "min_max": {
      "type": "number",
      "format": "float",
      "maximum": 100.0,
      "minimum": 0.01
    },
    "regex_str1": {
      "type": "string",
      "pattern": "^[Hh]ello\\b"
    },
    "regex_str2": {
      "type": "string",
      "pattern": "^[Hh]ello\\b"
    },
    "contains_str1": {
      "type": "string",
      "pattern": "substring\\.\\.\\."
    },
    "contains_str2": {
      "type": "string",
      "pattern": "substring\\.\\.\\."
    },
    "email_address": {
      "type": "string",
      "format": "email"
    },
    "tel": {
      "type": "string",
      "format": "phone"
    },
    "homepage": {
      "type": "string",
      "format": "uri"
    },
    "non_empty_str": {
      "type": "string",
      "maxLength": 100,
      "minLength": 1
    },
    "pair": {
      "type": "array",
      "items": {
        "type": "integer",
        "format": "int32"
      },
      "maxItems": 2,
      "minItems": 2
    },
    "map_contains": {
      "type": "object",
      "required": [
        "map_key"
      ],
      "additionalProperties": {
        "type": "null"
      }
    },
    "required_option": {
      "type": "boolean"
    }
  }
}